[debug] [2026-08-06T03:27:07.658Z] ----------------------------------------------------------------------
[debug] [2026-08-06T03:27:07.670Z] Command:       /usr/local/bin/node /usr/local/bin/firebase deploy
[debug] [2026-08-06T03:27:07.671Z] CLI Version:   15.24.0
[debug] [2026-08-06T03:27:07.671Z] Platform:      darwin
[debug] [2026-08-06T03:27:07.671Z] Node Version:  v24.14.1
[debug] [2026-08-06T03:27:07.672Z] Detected Agent: unknown
[debug] [2026-08-06T03:27:07.672Z] Time:          Thu Aug 06 2026 12:27:07 GMT+0900 (Japan Standard Time)
[debug] [2026-08-06T03:27:07.672Z] ----------------------------------------------------------------------
[debug] 
[debug] [2026-08-06T03:27:10.401Z] > command requires scopes: ["email","openid","https://www.googleapis.com/auth/cloudplatformprojects.readonly","https://www.googleapis.com/auth/firebase","https://www.googleapis.com/auth/cloud-platform"]
[debug] [2026-08-06T03:27:10.401Z] > authorizing via signed-in user (7kotechu25@gmail.com)
[debug] [2026-08-06T03:27:10.402Z] [iam] checking project lisma--report-dashboard for permissions ["firebase.projects.get"]
[debug] [2026-08-06T03:27:10.434Z] Checked if tokens are valid: false, expires at: 1785986753208
[debug] [2026-08-06T03:27:10.435Z] Checked if tokens are valid: false, expires at: 1785986753208
[debug] [2026-08-06T03:27:10.435Z] > refreshing access token with scopes: []
[debug] [2026-08-06T03:27:10.438Z] >>> [apiv2][query] POST https://www.googleapis.com/oauth2/v3/token [none]
[debug] [2026-08-06T03:27:10.439Z] >>> [apiv2][body] POST https://www.googleapis.com/oauth2/v3/token [omitted]
[debug] [2026-08-06T03:27:10.631Z] <<< [apiv2][status] POST https://www.googleapis.com/oauth2/v3/token 200
[debug] [2026-08-06T03:27:10.632Z] <<< [apiv2][body] POST https://www.googleapis.com/oauth2/v3/token [omitted]
[debug] [2026-08-06T03:27:10.678Z] >>> [apiv2][query] POST https://cloudresourcemanager.googleapis.com/v1/projects/lisma--report-dashboard:testIamPermissions [none]
[debug] [2026-08-06T03:27:10.679Z] >>> [apiv2][(partial)header] POST https://cloudresourcemanager.googleapis.com/v1/projects/lisma--report-dashboard:testIamPermissions  x-goog-user-project=lisma--report-dashboard
[debug] [2026-08-06T03:27:10.679Z] >>> [apiv2][body] POST https://cloudresourcemanager.googleapis.com/v1/projects/lisma--report-dashboard:testIamPermissions {"permissions":["firebase.projects.get"]}
[debug] [2026-08-06T03:27:11.412Z] <<< [apiv2][status] POST https://cloudresourcemanager.googleapis.com/v1/projects/lisma--report-dashboard:testIamPermissions 200
[debug] [2026-08-06T03:27:11.413Z] <<< [apiv2][body] POST https://cloudresourcemanager.googleapis.com/v1/projects/lisma--report-dashboard:testIamPermissions {"permissions":["firebase.projects.get"]}
[info] 
[info] === Deploying to 'lisma--report-dashboard'...
[info] 
[info] i  deploying apphosting 
[debug] [2026-08-06T03:27:11.419Z] Checked if tokens are valid: true, expires at: 1785990429632
[debug] [2026-08-06T03:27:11.419Z] Checked if tokens are valid: true, expires at: 1785990429632
[debug] [2026-08-06T03:27:11.419Z] >>> [apiv2][query] POST https://iam.googleapis.com/v1/projects/lisma--report-dashboard/serviceAccounts/firebase-app-hosting-compute@lisma--report-dashboard.iam.gserviceaccount.com:testIamPermissions [none]
[debug] [2026-08-06T03:27:11.419Z] >>> [apiv2][(partial)header] POST https://iam.googleapis.com/v1/projects/lisma--report-dashboard/serviceAccounts/firebase-app-hosting-compute@lisma--report-dashboard.iam.gserviceaccount.com:testIamPermissions  x-goog-user-project=lisma--report-dashboard
[debug] [2026-08-06T03:27:11.419Z] >>> [apiv2][body] POST https://iam.googleapis.com/v1/projects/lisma--report-dashboard/serviceAccounts/firebase-app-hosting-compute@lisma--report-dashboard.iam.gserviceaccount.com:testIamPermissions {"permissions":["iam.serviceAccounts.actAs"]}
[debug] [2026-08-06T03:27:12.423Z] <<< [apiv2][status] POST https://iam.googleapis.com/v1/projects/lisma--report-dashboard/serviceAccounts/firebase-app-hosting-compute@lisma--report-dashboard.iam.gserviceaccount.com:testIamPermissions 200
[debug] [2026-08-06T03:27:12.423Z] <<< [apiv2][body] POST https://iam.googleapis.com/v1/projects/lisma--report-dashboard/serviceAccounts/firebase-app-hosting-compute@lisma--report-dashboard.iam.gserviceaccount.com:testIamPermissions {"permissions":["iam.serviceAccounts.actAs"]}
[debug] [2026-08-06T03:27:12.424Z] Checked if tokens are valid: true, expires at: 1785990429632
[debug] [2026-08-06T03:27:12.424Z] Checked if tokens are valid: true, expires at: 1785990429632
[debug] [2026-08-06T03:27:12.424Z] >>> [apiv2][query] POST https://iam.googleapis.com/v1/projects/lisma--report-dashboard/serviceAccounts [none]
[debug] [2026-08-06T03:27:12.424Z] >>> [apiv2][body] POST https://iam.googleapis.com/v1/projects/lisma--report-dashboard/serviceAccounts {"accountId":"firebase-app-hosting-compute","serviceAccount":{"displayName":"Firebase App Hosting compute service account","description":"Default service account used to run builds and deploys for Firebase App Hosting"}}
[debug] [2026-08-06T03:27:12.736Z] <<< [apiv2][status] POST https://iam.googleapis.com/v1/projects/lisma--report-dashboard/serviceAccounts 409
[debug] [2026-08-06T03:27:12.736Z] <<< [apiv2][body] POST https://iam.googleapis.com/v1/projects/lisma--report-dashboard/serviceAccounts [omitted]
[debug] [2026-08-06T03:27:12.738Z] Checked if tokens are valid: true, expires at: 1785990429632
[debug] [2026-08-06T03:27:12.738Z] Checked if tokens are valid: true, expires at: 1785990429632
[debug] [2026-08-06T03:27:12.738Z] >>> [apiv2][query] POST https://cloudresourcemanager.googleapis.com/v1/projects/lisma--report-dashboard:getIamPolicy [none]
[debug] [2026-08-06T03:27:13.052Z] <<< [apiv2][status] POST https://cloudresourcemanager.googleapis.com/v1/projects/lisma--report-dashboard:getIamPolicy 200
[debug] [2026-08-06T03:27:13.052Z] <<< [apiv2][body] POST https://cloudresourcemanager.googleapis.com/v1/projects/lisma--report-dashboard:getIamPolicy {"version":1,"etag":"BwZYWCcT0fw=","bindings":[{"role":"roles/artifactregistry.serviceAgent","members":["serviceAccount:service-114683378262@gcp-sa-artifactregistry.iam.gserviceaccount.com"]},{"role":"roles/cloudbuild.builds.builder","members":["serviceAccount:114683378262@cloudbuild.gserviceaccount.com"]},{"role":"roles/cloudbuild.serviceAgent","members":["serviceAccount:service-114683378262@gcp-sa-cloudbuild.iam.gserviceaccount.com"]},{"role":"roles/containerregistry.ServiceAgent","members":["serviceAccount:service-114683378262@containerregistry.iam.gserviceaccount.com"]},{"role":"roles/developerconnect.readTokenAccessor","members":["serviceAccount:firebase-app-hosting-compute@lisma--report-dashboard.iam.gserviceaccount.com"]},{"role":"roles/editor","members":["serviceAccount:114683378262-compute@developer.gserviceaccount.com"]},{"role":"roles/firebase.managementServiceAgent","members":["serviceAccount:service-114683378262@gcp-sa-firebase.iam.gserviceaccount.com"]},{"role":"roles/firebase.sdkAdminServiceAgent","members":["serviceAccount:firebase-adminsdk-fbsvc@lisma--report-dashboard.iam.gserviceaccount.com","serviceAccount:firebase-app-hosting-compute@lisma--report-dashboard.iam.gserviceaccount.com"]},{"role":"roles/firebaseapphosting.computeRunner","members":["serviceAccount:firebase-app-hosting-compute@lisma--report-dashboard.iam.gserviceaccount.com"]},{"role":"roles/firebaseapphosting.serviceAgent","members":["serviceAccount:service-114683378262@gcp-sa-firebaseapphosting.iam.gserviceaccount.com"]},{"role":"roles/firebaserules.system","members":["serviceAccount:service-114683378262@firebase-rules.iam.gserviceaccount.com"]},{"role":"roles/firestore.serviceAgent","members":["serviceAccount:service-114683378262@gcp-sa-firestore.iam.gserviceaccount.com"]},{"role":"roles/iam.serviceAccountTokenCreator","members":["serviceAccount:firebase-adminsdk-fbsvc@lisma--report-dashboard.iam.gserviceaccount.com"]},{"role":"roles/owner","members":["user:7kotechu25@gmail.com"]},{"role":"roles/run.serviceAgent","members":["serviceAccount:service-114683378262@serverless-robot-prod.iam.gserviceaccount.com"]},{"role":"roles/secretmanager.admin_withcond_2895e88588b2890aefb5","members":["serviceAccount:service-114683378262@gcp-sa-devconnect.iam.gserviceaccount.com"]},{"role":"roles/storage.objectViewer","members":["serviceAccount:firebase-app-hosting-compute@lisma--report-dashboard.iam.gserviceaccount.com"]}]}
[debug] [2026-08-06T03:27:13.053Z] Checked if tokens are valid: true, expires at: 1785990429632
[debug] [2026-08-06T03:27:13.054Z] Checked if tokens are valid: true, expires at: 1785990429632
[debug] [2026-08-06T03:27:13.054Z] >>> [apiv2][query] POST https://cloudresourcemanager.googleapis.com/v1/projects/lisma--report-dashboard:setIamPolicy [none]
[debug] [2026-08-06T03:27:13.054Z] >>> [apiv2][body] POST https://cloudresourcemanager.googleapis.com/v1/projects/lisma--report-dashboard:setIamPolicy {"policy":{"version":1,"etag":"BwZYWCcT0fw=","bindings":[{"role":"roles/artifactregistry.serviceAgent","members":["serviceAccount:service-114683378262@gcp-sa-artifactregistry.iam.gserviceaccount.com"]},{"role":"roles/cloudbuild.builds.builder","members":["serviceAccount:114683378262@cloudbuild.gserviceaccount.com"]},{"role":"roles/cloudbuild.serviceAgent","members":["serviceAccount:service-114683378262@gcp-sa-cloudbuild.iam.gserviceaccount.com"]},{"role":"roles/containerregistry.ServiceAgent","members":["serviceAccount:service-114683378262@containerregistry.iam.gserviceaccount.com"]},{"role":"roles/developerconnect.readTokenAccessor","members":["serviceAccount:firebase-app-hosting-compute@lisma--report-dashboard.iam.gserviceaccount.com"]},{"role":"roles/editor","members":["serviceAccount:114683378262-compute@developer.gserviceaccount.com"]},{"role":"roles/firebase.managementServiceAgent","members":["serviceAccount:service-114683378262@gcp-sa-firebase.iam.gserviceaccount.com"]},{"role":"roles/firebase.sdkAdminServiceAgent","members":["serviceAccount:firebase-adminsdk-fbsvc@lisma--report-dashboard.iam.gserviceaccount.com","serviceAccount:firebase-app-hosting-compute@lisma--report-dashboard.iam.gserviceaccount.com"]},{"role":"roles/firebaseapphosting.computeRunner","members":["serviceAccount:firebase-app-hosting-compute@lisma--report-dashboard.iam.gserviceaccount.com"]},{"role":"roles/firebaseapphosting.serviceAgent","members":["serviceAccount:service-114683378262@gcp-sa-firebaseapphosting.iam.gserviceaccount.com"]},{"role":"roles/firebaserules.system","members":["serviceAccount:service-114683378262@firebase-rules.iam.gserviceaccount.com"]},{"role":"roles/firestore.serviceAgent","members":["serviceAccount:service-114683378262@gcp-sa-firestore.iam.gserviceaccount.com"]},{"role":"roles/iam.serviceAccountTokenCreator","members":["serviceAccount:firebase-adminsdk-fbsvc@lisma--report-dashboard.iam.gserviceaccount.com"]},{"role":"roles/owner","members":["user:7kotechu25@gmail.com"]},{"role":"roles/run.serviceAgent","members":["serviceAccount:service-114683378262@serverless-robot-prod.iam.gserviceaccount.com"]},{"role":"roles/secretmanager.admin_withcond_2895e88588b2890aefb5","members":["serviceAccount:service-114683378262@gcp-sa-devconnect.iam.gserviceaccount.com"]},{"role":"roles/storage.objectViewer","members":["serviceAccount:firebase-app-hosting-compute@lisma--report-dashboard.iam.gserviceaccount.com"]}]},"updateMask":"bindings"}
[debug] [2026-08-06T03:27:14.108Z] <<< [apiv2][status] POST https://cloudresourcemanager.googleapis.com/v1/projects/lisma--report-dashboard:setIamPolicy 200
[debug] [2026-08-06T03:27:14.108Z] <<< [apiv2][body] POST https://cloudresourcemanager.googleapis.com/v1/projects/lisma--report-dashboard:setIamPolicy {"version":1,"etag":"BwZYWHbPdoE=","bindings":[{"role":"roles/artifactregistry.serviceAgent","members":["serviceAccount:service-114683378262@gcp-sa-artifactregistry.iam.gserviceaccount.com"]},{"role":"roles/cloudbuild.builds.builder","members":["serviceAccount:114683378262@cloudbuild.gserviceaccount.com"]},{"role":"roles/cloudbuild.serviceAgent","members":["serviceAccount:service-114683378262@gcp-sa-cloudbuild.iam.gserviceaccount.com"]},{"role":"roles/containerregistry.ServiceAgent","members":["serviceAccount:service-114683378262@containerregistry.iam.gserviceaccount.com"]},{"role":"roles/developerconnect.readTokenAccessor","members":["serviceAccount:firebase-app-hosting-compute@lisma--report-dashboard.iam.gserviceaccount.com"]},{"role":"roles/editor","members":["serviceAccount:114683378262-compute@developer.gserviceaccount.com"]},{"role":"roles/firebase.managementServiceAgent","members":["serviceAccount:service-114683378262@gcp-sa-firebase.iam.gserviceaccount.com"]},{"role":"roles/firebase.sdkAdminServiceAgent","members":["serviceAccount:firebase-adminsdk-fbsvc@lisma--report-dashboard.iam.gserviceaccount.com","serviceAccount:firebase-app-hosting-compute@lisma--report-dashboard.iam.gserviceaccount.com"]},{"role":"roles/firebaseapphosting.computeRunner","members":["serviceAccount:firebase-app-hosting-compute@lisma--report-dashboard.iam.gserviceaccount.com"]},{"role":"roles/firebaseapphosting.serviceAgent","members":["serviceAccount:service-114683378262@gcp-sa-firebaseapphosting.iam.gserviceaccount.com"]},{"role":"roles/firebaserules.system","members":["serviceAccount:service-114683378262@firebase-rules.iam.gserviceaccount.com"]},{"role":"roles/firestore.serviceAgent","members":["serviceAccount:service-114683378262@gcp-sa-firestore.iam.gserviceaccount.com"]},{"role":"roles/iam.serviceAccountTokenCreator","members":["serviceAccount:firebase-adminsdk-fbsvc@lisma--report-dashboard.iam.gserviceaccount.com"]},{"role":"roles/owner","members":["user:7kotechu25@gmail.com"]},{"role":"roles/run.serviceAgent","members":["serviceAccount:service-114683378262@serverless-robot-prod.iam.gserviceaccount.com"]},{"role":"roles/secretmanager.admin_withcond_2895e88588b2890aefb5","members":["serviceAccount:service-114683378262@gcp-sa-devconnect.iam.gserviceaccount.com"]},{"role":"roles/storage.objectViewer","members":["serviceAccount:firebase-app-hosting-compute@lisma--report-dashboard.iam.gserviceaccount.com"]}]}
[debug] [2026-08-06T03:27:14.109Z] Checked if tokens are valid: true, expires at: 1785990429632
[debug] [2026-08-06T03:27:14.109Z] Checked if tokens are valid: true, expires at: 1785990429632
[debug] [2026-08-06T03:27:14.110Z] >>> [apiv2][query] GET https://firebaseapphosting.googleapis.com/v1beta/projects/lisma--report-dashboard/locations/-/backends 
[debug] [2026-08-06T03:27:15.801Z] <<< [apiv2][status] GET https://firebaseapphosting.googleapis.com/v1beta/projects/lisma--report-dashboard/locations/-/backends 200
[debug] [2026-08-06T03:27:15.801Z] <<< [apiv2][body] GET https://firebaseapphosting.googleapis.com/v1beta/projects/lisma--report-dashboard/locations/-/backends {"backends":[{"name":"projects/lisma--report-dashboard/locations/asia-east1/backends/lisma-report-dashboard","createTime":"2026-08-06T02:46:52.144042646Z","updateTime":"2026-08-06T03:07:26.449927Z","labels":{"deployment-tool":"cli-firebase"},"uri":"lisma-report-dashboard--lisma--report-dashboard.asia-east1.hosted.app","managedResources":[{"runService":{"service":"projects/114683378262/locations/asia-east1/services/lisma-report-dashboard"}}],"uid":"c32593b7-de28-424d-91a4-92fc41f4600b","etag":"Ifimog-NniYTse5a_NVHyrfOr8_jh7ukCftaPO6UgXQ","reconciling":false,"servingLocality":"GLOBAL_ACCESS","serviceAccount":"firebase-app-hosting-compute@lisma--report-dashboard.iam.gserviceaccount.com","appId":"1:114683378262:web:164f8c00f95c75e8b959f7","runtime":{"value":"nodejs22"}}]}
[info] i  apphosting: Found backend(s) lisma-report-dashboard 
[debug] [2026-08-06T03:30:17.585Z] ExitPromptError: User force closed the prompt with SIGINT
    at Interface.sigint (/usr/local/lib/node_modules/firebase-tools/node_modules/@inquirer/core/dist/commonjs/lib/create-prompt.js:101:37)
    at Interface.emit (node:events:508:28)
    at [_ttyWrite] [as _ttyWrite] (node:internal/readline/interface:1327:18)
    at ReadStream.onkeypress (node:internal/readline/interface:284:20)
    at ReadStream.emit (node:events:520:35)
    at emitKeys (node:internal/readline/utils:371:14)
    at emitKeys.next (<anonymous>)
    at ReadStream.onData (node:internal/readline/emitKeypressEvents:64:36)
    at ReadStream.emit (node:events:508:28)
    at addChunk (node:internal/streams/readable:563:12)
[error] 
[error] Error: An unexpected error has occurred.
